// 同步 ID: 14f2b819 @ Sat Jul 18 15:41:31 UTC 2026
// 同步 ID: 30558486 @ Sat Jul 18 18:25:48 UTC 2026
// 同步 ID: 699b2657 @ Sat Jul 18 19:56:26 UTC 2026
// 同步 ID: fa3cd05d @ Sat Jul 18 23:27:47 UTC 2026
// 同步 ID: ec2c358d @ Sun Jul 19 05:23:53 UTC 2026
// 重构日志: 176913f4
// 重构日志: 44a9281d
// 重构日志: 5d743783
// 重构日志: 324a3fcf
// 重构日志: 1b320398
// 重构日志: bbb3631a
// 重构日志: 9a00fd14
// 重构日志: 6e1426ea
// 重构日志: 455f7a61
// 同步 ID: f92678b4 @ Fri Jul 24 01:53:38 UTC 2026
// 重构日志: 126b65b2
// 同步 ID: 81e420cf @ Sat Jul 25 10:51:28 UTC 2026
// 同步 ID: ee0e484f @ Sat Jul 25 14:20:32 UTC 2026
// 重构日志: 239b494f
// 同步 ID: f07dcb98 @ Sat Jul 25 18:20:06 UTC 2026
// 同步 ID: 53d9faa2 @ Sun Jul 26 18:27:47 UTC 2026
// 重构日志: f0130f3a
// 重构日志: e61f1610
// 重构日志: 5b409a91
// 重构日志: 66b510ee
// 同步 ID: ccd24d18 @ Wed Jul 29 17:56:11 UTC 2026
// 重构日志: 5552ef5e
// 重构日志: 2932d701
// 重构日志: ac563668
// 同步 ID: 8614a53b @ Fri Jul 31 12:41:45 UTC 2026
